j5
[0;32mI (35) boot: chip reï¿½ets Jul 29 2019 12:21:46

rst:0x1 (POWERON_RESET),boot:0x13 (SPI_FAST_FLASH_BOOT)
configsip: 0, SPIWP:0xee
clk_drv:0x00,q_drv:0x00,d_drv:0x00,cs0_drv:0x00,hd_drv:0x00,wp_drv:0x00
mode:DIO, clock div:2
load:0x3fff0030,len:7172
load:0x40078000,len:15540
load:0x40080400,len:4
ho 8 tail 4 room 4
load:0x40080404,len:3904
entry 0x40080640
[0;32mI (31) boot: ESP-IDF v5.2.2 2nd stage bootloader[0m
[0;32mI (31) boot: compile time Jun 17 2024 18:26:15[0m
[0;32mI (31) boot: Multicore bootloader[0m
[0;32mI (35) boot: chip revision: v3.1[0m
[0;32mI (39) boot.esp32: SPI Speed      : 40MHz[0m
[0;32mI (44) boot.esp32: SPI Mode       : DIO[0m
[0;32mI (48) boot.esp32: SPI Flash Size : 2MB[0m
[0;32mI (53) boot: Enabling RNG early entropy source...[0m
[0;32mI (58) boot: Partition Table:[0m
[0;32mI (62) boot: ## Label            Usage          Type ST Offset   Length[0m
[0;32mI (69) boot:  0 nvs              WiFi data        01 02 00009000 00006000[0m
[0;32mI (77) boot:  1 phy_init         RF data          01 01 0000f000 00001000[0m
[0;32mI (84) boot:  2 factory          factory app      00 00 00010000 00100000[0m
[0;32mI (92) boot: End of partition table[0m
[0;32mI (96) esp_image: segment 0: paddr=00010020 vaddr=3f400020 size=1f7d0h (128976) map[0m
[0;32mI (148) esp_image: segment 1: paddr=0002f7f8 vaddr=3ffb0000 size=00820h (  2080) load[0m
[0;32mI (149) esp_image: segment 2: paddr=00030020 vaddr=400d0020 size=863d8h (549848) map[0m
[0;32mI (343) esp_image: segment 3: paddr=000b6400 vaddr=3ffb0820 size=03394h ( 13204) load[0m
[0;32mI (348) esp_image: segment 4: paddr=000b979c vaddr=40080000 size=16858h ( 92248) load[0m
[0;32mI (396) boot: Loaded app from partition at offset 0x10000[0m
[0;32mI (396) boot: Disabling RNG early entropy source...[0m
[0;32mI (407) cpu_start: Multicore app[0m
[0;32mI (416) cpu_start: Pro cpu start user code[0m
[0;32mI (416) cpu_start: cpu freq: 160000000 Hz[0m
[0;32mI (416) cpu_start: Application information:[0m
[0;32mI (419) cpu_start: Project name:     dad-birthday[0m
[0;32mI (425) cpu_start: App version:      1[0m
[0;32mI (429) cpu_start: Compile time:     Jun 18 2024 17:46:44[0m
[0;32mI (435) cpu_start: ELF file SHA256:  4d0787ba4...[0m
[0;32mI (440) cpu_start: ESP-IDF:          v5.2.2[0m
[0;32mI (445) cpu_start: Min chip rev:     v0.0[0m
[0;32mI (450) cpu_start: Max chip rev:     v3.99 [0m
[0;32mI (455) cpu_start: Chip rev:         v3.1[0m
[0;32mI (460) heap_init: Initializing. RAM available for dynamic allocation:[0m
[0;32mI (467) heap_init: At 3FFAE6E0 len 00001920 (6 KiB): DRAM[0m
[0;32mI (473) heap_init: At 3FFB81E0 len 00027E20 (159 KiB): DRAM[0m
[0;32mI (479) heap_init: At 3FFE0440 len 00003AE0 (14 KiB): D/IRAM[0m
[0;32mI (485) heap_init: At 3FFE4350 len 0001BCB0 (111 KiB): D/IRAM[0m
[0;32mI (492) heap_init: At 40096858 len 000097A8 (37 KiB): IRAM[0m
[0;32mI (500) spi_flash: detected chip: generic[0m
[0;32mI (503) spi_flash: flash io: dio[0m
[0;33mW (507) spi_flash: Detected size(4096k) larger than the size in the binary image header(2048k). Using the size in the binary image header.[0m
[0;32mI (521) main_task: Started on CPU0[0m
[0;32mI (531) main_task: Calling app_main()[0m
[0;32mI (561) WifiConnection: SSID: KC and JoJo[0m
[0;32mI (561) WifiConnection: PASSWORD Ev@n_090111[0m
I (581) wifi:wifi driver task: 3ffc0190, prio:23, stack:6656, core=0
I (601) wifi:wifi firmware version: 3e0076f
I (601) wifi:wifi certification version: v7.0
I (601) wifi:config NVS flash: enabled
I (601) wifi:config nano formating: disabled
I (601) wifi:Init data frame dynamic rx buffer num: 32
I (611) wifi:Init static rx mgmt buffer num: 5
I (611) wifi:Init management short buffer num: 32
I (611) wifi:Init dynamic tx buffer num: 32
I (621) wifi:Init static rx buffer size: 1600
I (621) wifi:Init static rx buffer num: 10
I (631) wifi:Init dynamic rx buffer num: 32
[0;32mI (631) wifi_init: rx ba win: 6[0m
[0;32mI (631) wifi_init: tcpip mbox: 32[0m
[0;32mI (641) wifi_init: udp mbox: 6[0m
[0;32mI (641) wifi_init: tcp mbox: 6[0m
[0;32mI (641) wifi_init: tcp tx win: 5760[0m
[0;32mI (651) wifi_init: tcp rx win: 5760[0m
[0;32mI (651) wifi_init: tcp mss: 1440[0m
[0;32mI (661) wifi_init: WiFi IRAM OP enabled[0m
[0;32mI (661) wifi_init: WiFi RX IRAM OP enabled[0m
[0;32mI (731) phy_init: phy_version 4791,2c4672b,Dec 20 2023,16:06:06[0m
I (811) wifi:mode : sta (e8:6b:ea:ca:38:3c)
I (811) wifi:enable tsf
[0;32mI (821) WifiConnection: Wifi initialised[0m
I (1101) wifi:new:<11,0>, old:<1,0>, ap:<255,255>, sta:<11,0>, prof:1
I (1101) wifi:state: init -> auth (b0)
I (1131) wifi:state: auth -> assoc (0)
I (1171) wifi:state: assoc -> run (10)
I (1291) wifi:connected with KC and JoJo, aid = 2, channel 11, BW20, bssid = 64:cc:22:04:7c:45
I (1291) wifi:security: WPA2-PSK, phy: bgn, rssi: -58
I (1311) wifi:pm start, type: 1

I (1311) wifi:dp: 1, bi: 102400, li: 3, scale listen interval from 307200 us to 307200 us
I (1321) wifi:AP's beacon interval = 102400 us, DTIM period = 3
I (1571) wifi:<ba-add>idx:0 (ifx:0, 64:cc:22:04:7c:45), tid:6, ssn:5, winSize:64
[0;32mI (2311) esp_netif_handlers: sta ip: 192.168.1.123, mask: 255.255.255.0, gw: 192.168.1.254[0m
[0;32mI (2311) WifiConnection: Got IP: 192.168.1.123[0m
[0;32mI (2311) WifiConnection: Connected to the internet![0m
Guru Meditation Error: Core  0 panic'ed (LoadStoreError). Exception was unhandled.

Core  0 register dump:
PC      : 0x40001406  PS      : 0x00060830  A0      : 0x800d6924  A1      : 0x3ffba460  
A2      : 0x3f40b28c  A3      : 0x3f403020  A4      : 0x000000ff  A5      : 0x0000ff00  
A6      : 0x00ff0000  A7      : 0xff000000  A8      : 0x00435455  A9      : 0x3ffba260  
A10     : 0x3f40b28c  A11     : 0x3f4030b4  A12     : 0x3f403564  A13     : 0x3ffba2c0  
A14     : 0x3ffba2a0  A15     : 0x0000000c  SAR     : 0x00000004  EXCCAUSE: 0x00000003  
EXCVADDR: 0x3f40b28c  LBEG    : 0x400013f9  LEND    : 0x4000140d  LCOUNT  : 0xffffffff  


Backtrace: 0x40001403:0x3ffba460 0x400d6921:0x3ffba470 0x400d68a1:0x3ffba490 0x40154447:0x3ffba4e0 0x40089c45:0x3ffba510




ELF file SHA256: 4d0787ba4

Rebooting...
ets Jul 29 2019 12:21:46

rst:0xc (SW_CPU_RESET),boot:0x13 (SPI_FAST_FLASH_BOOT)
configsip: 0, SPIWP:0xee
clk_drv:0x00,q_drv:0x00,d_drv:0x00,cs0_drv:0x00,hd_drv:0x00,wp_drv:0x00
mode:DIO, clock div:2
load:0x3fff0030,len:7172
load:0x40078000,len:15540
load:0x40080400,len:4
ho 8 tail 4 room 4
load:0x40080404,len:3904
entry 0x40080640
[0;32mI (31) boot: ESP-IDF v5.2.2 2nd stage bootloader[0m
[0;32mI (31) boot: compile time Jun 17 2024 18:26:15[0m
[0;32mI (31) boot: Multicore bootloader[0m
[0;32mI (35) boot: chip revision: v3.1[0m
[0;32mI (39) boot.esp32: SPI Speed      : 40MHz[0m
[0;32mI (44) boot.esp32: SPI Mode       : DIO[0m
[0;32mI (48) boot.esp32: SPI Flash Size : 2MB[0m
[0;32mI (53) boot: Enabling RNG early entropy source...[0m
[0;32mI (58) boot: Partition Table:[0m
[0;32mI (62) boot: ## Label            Usage          Type ST Offset   Length[0m
[0;32mI (69) boot:  0 nvs              WiFi data        01 02 00009000 00006000[0m
[0;32mI (76) boot:  1 phy_init         RF data          01 01 0000f000 00001000[0m
[0;32mI (84) boot:  2 factory          factory app      00 00 00010000 00100000[0m
[0;32mI (91) boot: End of partition table[0m
[0;32mI (96) esp_image: segment 0: paddr=00010020 vaddr=3f400020 size=1f7d0h (128976) map[0m
[0;32mI (148) esp_image: segment 1: paddr=0002f7f8 vaddr=3ffb0000 size=00820h (  2080) load[0m
[0;32mI (149) esp_image: segment 2: paddr=00030020 vaddr=400d0020 size=863d8h (549848) map[0m
[0;32mI (342) esp_image: segment 3: paddr=000b6400 vaddr=3ffb0820 size=03394h ( 13204) load[0m
[0;32mI (348) esp_image: segment 4: paddr=000b979c vaddr=40080000 size=16858h ( 92248) load[0m
[0;32mI (396) boot: Loaded app from partition at offset 0x10000[0m
[0;32mI (396) boot: Disabling RNG early entropy source...[0m
[0;32mI (407) cpu_start: Multicore app[0m
[0;32mI (416) cpu_start: Pro cpu start user code[0m
[0;32mI (416) cpu_start: cpu freq: 160000000 Hz[0m
[0;32mI (416) cpu_start: Application information:[0m
[0;32mI (419) cpu_start: Project name:     dad-birthday[0m
[0;32mI (425) cpu_start: App version:      1[0m
[0;32mI (429) cpu_start: Compile time:     Jun 18 2024 17:46:44[0m
[0;32mI (435) cpu_start: ELF file SHA256:  4d0787ba4...[0m
[0;32mI (440) cpu_start: ESP-IDF:          v5.2.2[0m
[0;32mI (445) cpu_start: Min chip rev:     v0.0[0m
[0;32mI (450) cpu_start: Max chip rev:     v3.99 [0m
[0;32mI (455) cpu_start: Chip rev:         v3.1[0m
[0;32mI (460) heap_init: Initializing. RAM available for dynamic allocation:[0m
[0;32mI (467) heap_init: At 3FFAE6E0 len 00001920 (6 KiB): DRAM[0m
[0;32mI (473) heap_init: At 3FFB81E0 len 00027E20 (159 KiB): DRAM[0m
[0;32mI (479) heap_init: At 3FFE0440 len 00003AE0 (14 KiB): D/IRAM[0m
[0;32mI (485) heap_init: At 3FFE4350 len 0001BCB0 (111 KiB): D/IRAM[0m
[0;32mI (492) heap_init: At 40096858 len 000097A8 (37 KiB): IRAM[0m
[0;32mI (500) spi_flash: detected chip: generic[0m
[0;32mI (503) spi_flash: flash io: dio[0m
[0;33mW (507) spi_flash: Detected size(4096k) larger than the size in the binary image header(2048k). Using the size in the binary image header.[0m
[0;32mI (521) main_task: Started on CPU0[0m
[0;32mI (531) main_task: Calling app_main()[0m
[0;32mI (561) WifiConnection: SSID: KC and JoJo[0m
[0;32mI (561) WifiConnection: PASSWORD Ev@n_090111[0m
I (581) wifi:wifi driver task: 3ffc0214, prio:23, stack:6656, core=0
I (601) wifi:wifi firmware version: 3e0076f
I (601) wifi:wifi certification version: v7.0
I (601) wifi:config NVS flash: enabled
I (601) wifi:config nano formating: disabled
I (601) wifi:Init data frame dynamic rx buffer num: 32
I (611) wifi:Init static rx mgmt buffer num: 5
I (611) wifi:Init management short buffer num: 32
I (611) wifi:Init dynamic tx buffer num: 32
I (621) wifi:Init static rx buffer size: 1600
I (621) wifi:Init static rx buffer num: 10
I (631) wifi:Init dynamic rx buffer num: 32
[0;32mI (631) wifi_init: rx ba win: 6[0m
[0;32mI (631) wifi_init: tcpip mbox: 32[0m
[0;32mI (641) wifi_init: udp mbox: 6[0m
[0;32mI (641) wifi_init: tcp mbox: 6[0m
[0;32mI (641) wifi_init: tcp tx win: 5760[0m
[0;32mI (651) wifi_init: tcp rx win: 5760[0m
[0;32mI (651) wifi_init: tcp mss: 1440[0m
[0;32mI (661) wifi_init: WiFi IRAM OP enabled[0m
[0;32mI (661) wifi_init: WiFi RX IRAM OP enabled[0m
[0;32mI (701) phy_init: phy_version 4791,2c4672b,Dec 20 2023,16:06:06[0m
I (781) wifi:mode : sta (e8:6b:ea:ca:38:3c)
I (781) wifi:enable tsf
[0;32mI (791) WifiConnection: Wifi initialised[0m
I (1081) wifi:new:<11,0>, old:<1,0>, ap:<255,255>, sta:<11,0>, prof:1
I (1081) wifi:state: init -> auth (b0)
I (1111) wifi:state: auth -> assoc (0)
I (1141) wifi:state: assoc -> run (10)
I (1181) wifi:connected with KC and JoJo, aid = 5, channel 11, BW20, bssid = 18:82:8c:ad:6a:ba
I (1181) wifi:security: WPA2-PSK, phy: bgn, rssi: -65
I (1201) wifi:pm start, type: 1

I (1201) wifi:dp: 1, bi: 102400, li: 3, scale listen interval from 307200 us to 307200 us
I (1231) wifi:AP's beacon interval = 102400 us, DTIM period = 3
I (1301) wifi:<ba-add>idx:0 (ifx:0, 18:82:8c:ad:6a:ba), tid:6, ssn:0, winSize:64
I (1331) wifi:<ba-add>idx:1 (ifx:0, 18:82:8c:ad:6a:ba), tid:0, ssn:2, winSize:64
[0;32mI (2201) esp_netif_handlers: sta ip: 192.168.1.123, mask: 255.255.255.0, gw: 192.168.1.254[0m
[0;32mI (2201) WifiConnection: Got IP: 192.168.1.123[0m
[0;32mI (2201) WifiConnection: Connected to the internet![0m
Guru Meditation Error: Core  0 panic'ed (LoadStoreError). Exception was unhandled.

Core  0 register dump:
PC      : 0x40001406  PS      : 0x00060830  A0      : 0x800d6924  A1      : 0x3ffba460  
A2      : 0x3f40b28c  A3      : 0x3f403020  A4      : 0x000000ff  A5      : 0x0000ff00  
A6      : 0x00ff0000  A7      : 0xff000000  A8      : 0x00435455  A9      : 0x3ffba260  
A10     : 0x3f40b28c  A11     : 0x3f4030b4  A12     : 0x3f403564  A13     : 0x3ffba2c0  
A14     : 0x3ffba2a0  A15     : 0x0000000c  SAR     : 0x00000004  EXCCAUSE: 0x00000003  
EXCVADDR: 0x3f40b28c  LBEG    : 0x400013f9  LEND    : 0x4000140d  LCOUNT  : 0xffffffff  


Backtrace: 0x40001403:0x3ffba460 0x400d6921:0x3ffba470 0x400d68a1:0x3ffba490 0x40154447:0x3ffba4e0 0x40089c45:0x3ffba510




ELF file SHA256: 4d0787ba4

Rebooting...
ets Jul 29 2019 12:21:46

rst:0xc (SW_CPU_RESET),boot:0x13 (SPI_FAST_FLASH_BOOT)
configsip: 0, SPIWP:0xee
clk_drv:0x00,q_drv:0x00,d_drv:0x00,cs0_drv:0x00,hd_drv:0x00,wp_drv:0x00
mode:DIO, clock div:2
load:0x3fff0030,len:7172
load:0x40078000,len:15540
load:0x40080400,len:4
ho 8 tail 4 room 4
load:0x40080404,len:3904
entry 0x40080640
[0;32mI (31) boot: ESP-IDF v5.2.2 2nd stage bootloader[0m
[0;32mI (31) boot: compile time Jun 17 2024 18:26:15[0m
[0;32mI (31) boot: Multicore bootloader[0m
[0;32mI (35) boot: chip revision: v3.1[0m
[0;32mI (39) boot.esp32: SPI Speed      : 40MHz[0m
[0;32mI (44) boot.esp32: SPI Mode       : DIO[0m
